Longest delay = 0.849586, the path is: I198 -> W966 -> W1052 -> W1080 -> W2172 -> W2519 -> W3232 -> W4754 -> W5436 -> W5591 -> O1979 
Shortest delay = 0.025345, the path is: I188 -> O1736 